2026-08-23T01:09:47.546711Z  INFO node::user: eth_chainId
2026-08-23T01:09:47.590213Z  INFO node::user: eth_chainId
2026-08-23T01:09:47.638499Z  INFO node::user: eth_chainId
2026-08-23T01:09:48.149284Z  INFO node::user: eth_getTransactionCount
2026-08-23T01:09:48.150163Z  INFO node::user: eth_estimateGas
2026-08-23T01:09:48.151688Z  INFO node::user: eth_feeHistory
2026-08-23T01:09:48.152424Z  INFO node::user: eth_sendRawTransaction
2026-08-23T01:09:48.153165Z  INFO node::user: eth_getTransactionReceipt
2026-08-23T01:09:48.153276Z  INFO node::user: 
2026-08-23T01:09:48.153319Z  INFO node::user:     Transaction: 0x59133436df63c1ee7234e03f3e9d4fdd0c99e8f34e7f29486b8257989384edd1
2026-08-23T01:09:48.153342Z  INFO node::user:     Contract created: 0x5FbDB2315678afecb367f032d93F642f64180aa3
2026-08-23T01:09:48.157638Z  INFO node::user:     Gas used: 366509
2026-08-23T01:09:48.153494Z  INFO node::user: eth_blockNumber
2026-08-23T01:09:48.157656Z  INFO node::user: 
2026-08-23T01:09:48.157689Z  INFO node::user:     Block Number: 1
2026-08-23T01:09:48.157698Z  INFO node::user:     Block Hash: 0xe4b75f1dc88136e27a89bfafc313d4da41f6e9ec4a9b56604e31f9f1b760ac48
2026-08-23T01:09:48.157712Z  INFO node::user:     Block Time: "Sun, 23 Aug 2026 01:09:48 +0000"

2026-08-23T01:09:48.157875Z  INFO node::user: eth_getTransactionReceipt
2026-08-23T01:09:48.158147Z  INFO node::user: eth_getBlockByNumber
2026-08-23T01:09:48.205508Z  INFO node::user: eth_chainId
2026-08-23T01:09:48.716230Z  INFO node::user: eth_getTransactionCount
2026-08-23T01:09:48.716782Z  INFO node::user: eth_estimateGas
2026-08-23T01:09:48.718318Z  INFO node::user: eth_feeHistory
2026-08-23T01:09:48.718955Z  INFO node::user: eth_sendRawTransaction
2026-08-23T01:09:48.719433Z  INFO node::user: eth_getTransactionReceipt
2026-08-23T01:09:48.719483Z  INFO node::user: 
2026-08-23T01:09:48.719511Z  INFO node::user:     Transaction: 0xb20fe709d77694e5ff98f75b7b05d76241134ad2ab5a0d50e45ec4c784e1582c
2026-08-23T01:09:48.719518Z  INFO node::user:     Contract created: 0xe7f1725E7734CE288F8367e1Bb143E90bb3F0512
2026-08-23T01:09:48.719524Z  INFO node::user:     Gas used: 1646090
2026-08-23T01:09:48.719528Z  INFO node::user: 
2026-08-23T01:09:48.719534Z  INFO node::user:     Block Number: 2
2026-08-23T01:09:48.719538Z  INFO node::user:     Block Hash: 0xf4d7bf33960654ef622f81e7817c4b5eb9c534890680e9085cb4a830dbd502ae
2026-08-23T01:09:48.719544Z  INFO node::user:     Block Time: "Sun, 23 Aug 2026 01:09:48 +0000"

2026-08-23T01:09:48.719703Z  INFO node::user: eth_blockNumber
2026-08-23T01:09:48.719885Z  INFO node::user: eth_getBlockByNumber
2026-08-23T01:09:48.720150Z  INFO node::user: eth_getBlockByNumber
2026-08-23T01:09:48.720314Z  INFO node::user: eth_getTransactionReceipt
